---
source: src/run/run_environment/github_actions/provider.rs
expression: run_environment_metadata
---
{
  "ref": "refs/pull/22/merge",
  "headRef": "feat/codspeed-runner",
  "baseRef": "main",
  "owner": "my-org",
  "repository": "adrien-python-test",
  "event": "pull_request",
  "sender": {
    "id": "19605940",
    "login": "adriencaccia"
  },
  "ghData": {
    "runId": "6957110437",
    "job": "log-env"
  },
  "glData": null,
  "repositoryRootPath": "/home/runner/work/adrien-python-test/adrien-python-test/"
}
