---
source: src/run/runner/wall_time/perf/perf_map.rs
expression: module_symbols.symbols
---
[
    Symbol { offset: 7f388c632d20, size: 19, name: __PRETTY_FUNCTION__.0 },
    Symbol { offset: 7f388c605e70, size: 94, name: fatal_error },
    Symbol { offset: 7f388c63de38, size: 8, name: rtld_catch_notls },
    Symbol { offset: 7f388c63de30, size: 8, name: receiver },
    Symbol { offset: 7f388c606380, size: 11e, name: remove_slotinfo },
    Symbol { offset: 7f388c632d40, size: 10, name: __PRETTY_FUNCTION__.0 },
    Symbol { offset: 7f388c63de40, size: 4, name: dl_close_state.2 },
    Symbol { offset: 7f388c632d50, size: 11, name: __PRETTY_FUNCTION__.1 },
    Symbol { offset: 7f388c6075e0, size: 4b, name: openaux },
    Symbol { offset: 7f388c632d70, size: 14, name: __PRETTY_FUNCTION__.0 },
    Symbol { offset: 7f388c6087c0, size: 14, name: length_mismatch },
    Symbol { offset: 7f388c6335b8, size: e, name: _dl_out_of_memory },
    Symbol { offset: 7f388c6336a0, size: 9, name: __PRETTY_FUNCTION__.0 },
    Symbol { offset: 7f388c609290, size: 14b, name: call_init },
    Symbol { offset: 7f388c6336e0, size: a, name: __PRETTY_FUNCTION__.0 },
    Symbol { offset: 7f388c609520, size: ef, name: is_dst },
    Symbol { offset: 7f388c609610, size: 2a8, name: is_trusted_path_normalize },
    Symbol { offset: 7f388c62fd40, size: 83, name: system_dirs },
    Symbol { offset: 7f388c6098c0, size: 406, name: open_verify.constprop.0 },
    Symbol { offset: 7f388c62fd20, size: 10, name: expected.3 },
    Symbol { offset: 7f388c609cd0, size: 6f4, name: open_path },
    Symbol { offset: 7f388c63b050, size: 8, name: max_capstrlen },
    Symbol { offset: 7f388c63de78, size: 8, name: max_dirnamelen },
    Symbol { offset: 7f388c63b058, size: 8, name: ncapstr },
    Symbol { offset: 7f388c63b060, size: 8, name: capstr },
    Symbol { offset: 7f388c60a3d0, size: fb, name: add_path.constprop.0.isra.0 },
    Symbol { offset: 7f388c60a4d0, size: f8, name: add_name_to_object.isra.0 },
    Symbol { offset: 7f388c632dd0, size: 13, name: __PRETTY_FUNCTION__.4 },
    Symbol { offset: 7f388c60a810, size: 122, name: expand_dynamic_string_token },
    Symbol { offset: 7f388c632df0, size: 1c, name: __PRETTY_FUNCTION__.7 },
    Symbol { offset: 7f388c60a940, size: 2ee, name: fillin_rpath.isra.0 },
    Symbol { offset: 7f388c60ac30, size: 1ff, name: decompose_rpath },
    Symbol { offset: 7f388c60ae30, size: 81, name: cache_rpath },
    Symbol { offset: 7f388c633cd0, size: f, name: __PRETTY_FUNCTION__.8 },
    Symbol { offset: 7f388c60b560, size: 1809, name: _dl_map_object_from_fd },
    Symbol { offset: 7f388c632db0, size: 17, name: __PRETTY_FUNCTION__.1 },
    Symbol { offset: 7f388c632d90, size: 15, name: __PRETTY_FUNCTION__.0 },
    Symbol { offset: 7f388c636398, size: 4, name: dummy_bucket.5 },
    Symbol { offset: 7f388c633cc0, size: f, name: __PRETTY_FUNCTION__.6 },
    Symbol { offset: 7f388c60dae0, size: 1cc, name: check_match },
    Symbol { offset: 7f388c633ff8, size: c, name: __PRETTY_FUNCTION__.1 },
    Symbol { offset: 7f388c60dcb0, size: cd3, name: do_lookup_x },
    Symbol { offset: 7f388c632e10, size: 14, name: __PRETTY_FUNCTION__.2 },
    Symbol { offset: 7f388c60f540, size: ee, name: check_match },
    Symbol { offset: 7f388c63de88, size: 8, name: alloc_end },
    Symbol { offset: 7f388c63de90, size: 8, name: alloc_ptr },
    Symbol { offset: 7f388c63de80, size: 8, name: alloc_last_block },
    Symbol { offset: 7f388c632e30, size: 12, name: __PRETTY_FUNCTION__.0 },
    Symbol { offset: 7f388c62fde0, size: 78, name: primes.0 },
    Symbol { offset: 7f388c634008, size: f, name: __PRETTY_FUNCTION__.0 },
    Symbol { offset: 7f388c6102e0, size: 16c, name: add_to_global_update },
    Symbol { offset: 7f388c632e50, size: 15, name: __PRETTY_FUNCTION__.5 },
    Symbol { offset: 7f388c610450, size: fc, name: dl_open_worker },
    Symbol { offset: 7f388c610c50, size: b00, name: dl_open_worker_begin },
    Symbol { offset: 7f388c610550, size: 17, name: call_dl_init },
    Symbol { offset: 7f388c610570, size: 1c, name: add_to_global_resize_failure.isra.0 },
    Symbol { offset: 7f388c610590, size: 168, name: add_to_global_resize },
    Symbol { offset: 7f388c632eb0, size: 18, name: __PRETTY_FUNCTION__.0 },
    Symbol { offset: 7f388c6341d8, size: 9, name: __PRETTY_FUNCTION__.1 },
    Symbol { offset: 7f388c632e90, size: 15, name: __PRETTY_FUNCTION__.2 },
    Symbol { offset: 7f388c632e70, size: 14, name: __PRETTY_FUNCTION__.4 },
    Symbol { offset: 7f388c6341c8, size: e, name: __PRETTY_FUNCTION__.3 },
    Symbol { offset: 7f388c634210, size: f, name: __PRETTY_FUNCTION__.0 },
    Symbol { offset: 7f388c611920, size: 6cc, name: _dl_debug_vdprintf },
    Symbol { offset: 7f388c632ed0, size: 13, name: __PRETTY_FUNCTION__.0 },
    Symbol { offset: 7f388c6363a0, size: 3b, name: errstring.1 },
    Symbol { offset: 7f388c62ffa0, size: 4c, name: msg.0 },
    Symbol { offset: 7f388c632ef0, size: 1a, name: __PRETTY_FUNCTION__.2 },
    Symbol { offset: 7f388c634680, size: a, name: __PRETTY_FUNCTION__.1 },
    Symbol { offset: 7f388c632f10, size: 12, name: __PRETTY_FUNCTION__.0 },
    Symbol { offset: 7f388c6346c0, size: f, name: __PRETTY_FUNCTION__.0 },
    Symbol { offset: 7f388c615840, size: d4, name: dfs_traversal.part.0 },
    Symbol { offset: 7f388c632f30, size: 12, name: __PRETTY_FUNCTION__.0 },
    Symbol { offset: 7f388c6160c0, size: 41, name: allocate_dtv },
    Symbol { offset: 7f388c616110, size: 22a, name: tls_get_addr_tail },
    Symbol { offset: 7f388c616340, size: cc, name: _dl_resize_dtv },
    Symbol { offset: 7f388c632fd0, size: 15, name: __PRETTY_FUNCTION__.1 },
    Symbol { offset: 7f388c632fb0, size: 18, name: __PRETTY_FUNCTION__.2 },
    Symbol { offset: 7f388c632f90, size: 16, name: __PRETTY_FUNCTION__.3 },
    Symbol { offset: 7f388c632f70, size: 14, name: __PRETTY_FUNCTION__.4 },
    Symbol { offset: 7f388c616ed0, size: 4c, name: update_get_addr },
    Symbol { offset: 7f388c632f50, size: 14, name: __PRETTY_FUNCTION__.6 },
    Symbol { offset: 7f388c617390, size: 7, name: rtld_mutex_dummy },
    Symbol { offset: 7f388c617920, size: 1a3, name: do_tunable_update_val },
    Symbol { offset: 7f388c617ad0, size: 97, name: tunable_initialize },
    Symbol { offset: 7f388c63b0a0, size: 1650, name: tunable_list },
    Symbol { offset: 7f388c630000, size: 24, name: tunable_env_alias_list },
    Symbol { offset: 7f388c632ff0, size: 17, name: __PRETTY_FUNCTION__.1 },
    Symbol { offset: 7f388c634b88, size: d, name: __PRETTY_FUNCTION__.0 },
    Symbol { offset: 7f388c618e00, size: 693, name: search_cache },
    Symbol { offset: 7f388c63dea8, size: 4, name: glibc_hwcaps_priorities_length },
    Symbol { offset: 7f388c63deb0, size: 8, name: glibc_hwcaps_priorities },
    Symbol { offset: 7f388c63dec0, size: 8, name: cache_new },
    Symbol { offset: 7f388c63deb8, size: 8, name: cachesize },
    Symbol { offset: 7f388c63dec8, size: 8, name: cache },
    Symbol { offset: 7f388c63dea4, size: 4, name: glibc_hwcaps_priorities_allocated },
    Symbol { offset: 7f388c63dea0, size: 1, name: glibc_hwcaps_priorities_malloced },
    Symbol { offset: 7f388c633010, size: 16, name: __PRETTY_FUNCTION__.0 },
    Symbol { offset: 7f388c619f50, size: 10a, name: dl_check_legacy_object },
    Symbol { offset: 7f388c61a060, size: 2d7, name: dl_cet_check },
    Symbol { offset: 7f388c61a3e0, size: 165, name: handle_zhaoxin },
    Symbol { offset: 7f388c61a550, size: 372, name: handle_amd },
    Symbol { offset: 7f388c61a8d0, size: 17, name: _dl_tunable_set_prefer_map_32bit_exec },
    Symbol { offset: 7f388c61a8f0, size: c7, name: _dl_tunable_set_plt_rewrite },
    Symbol { offset: 7f388c61a9c0, size: 1b5, name: get_common_indices.constprop.0 },
    Symbol { offset: 7f388c61ab80, size: 4f0, name: get_common_cache_info.constprop.0 },
    Symbol { offset: 7f388c61b070, size: 2c7, name: intel_check_word.constprop.0 },
    Symbol { offset: 7f388c630280, size: 220, name: intel_02_known },
    Symbol { offset: 7f388c630250, size: 11, name: __PRETTY_FUNCTION__.0 },
    Symbol { offset: 7f388c61b340, size: f5, name: handle_intel.constprop.0 },
    Symbol { offset: 7f388c61b440, size: 5f2, name: update_active.constprop.0 },
    Symbol { offset: 7f388c61ba40, size: 13cc, name: init_cpu_features.constprop.0 },
    Symbol { offset: 7f388c630180, size: cf, name: CSWTCH.82 },
    Symbol { offset: 7f388c61ce10, size: 28, name: __x86_cpu_features_ifunc },
    Symbol { offset: 7f388c633030, size: 13, name: __PRETTY_FUNCTION__.1 },
    Symbol { offset: 7f388c61da80, size: b5, name: print_quoted_char },
    Symbol { offset: 7f388c630540, size: 115, name: unfiltered.1 },
    Symbol { offset: 7f388c61e060, size: 1d2, name: _dl_diagnostics_cpuid_store },
    Symbol { offset: 7f388c61e240, size: 196, name: _dl_diagnostics_cpuid_collect_1 },
    Symbol { offset: 7f388c61e3e0, size: 1fe, name: _dl_diagnostics_cpuid_print_query },
    Symbol { offset: 7f388c61e5e0, size: 4f7, name: _dl_diagnostics_cpuid },
    Symbol { offset: 7f388c636410, size: 10, name: cpuid_registers_zero },
    Symbol { offset: 7f388c61f1b0, size: e9, name: print_uname },
    Symbol { offset: 7f388c61f480, size: aa, name: copy_hwcaps },
    Symbol { offset: 7f388c633050, size: 13, name: __PRETTY_FUNCTION__.0 },
    Symbol { offset: 7f388c6330b0, size: 1a, name: __PRETTY_FUNCTION__.0 },
    Symbol { offset: 7f388c61fe50, size: d8, name: lookup_malloc_symbol },
    Symbol { offset: 7f388c633090, size: 15, name: __PRETTY_FUNCTION__.1 },
    Symbol { offset: 7f388c6325f1, size: 6, name: __PRETTY_FUNCTION__.2 },
    Symbol { offset: 7f388c6350c0, size: 9, name: __PRETTY_FUNCTION__.3 },
    Symbol { offset: 7f388c6330f0, size: 12, name: __PRETTY_FUNCTION__.0 },
    Symbol { offset: 7f388c63df24, size: 4, name: running },
    Symbol { offset: 7f388c63df04, size: 4, name: fromlimit },
    Symbol { offset: 7f388c63def8, size: 8, name: lowpc },
    Symbol { offset: 7f388c63def0, size: 8, name: textsize },
    Symbol { offset: 7f388c63dee8, size: 4, name: log_hashfraction },
    Symbol { offset: 7f388c63df18, size: 8, name: narcsp },
    Symbol { offset: 7f388c63df28, size: 8, name: data },
    Symbol { offset: 7f388c63df10, size: 8, name: tos },
    Symbol { offset: 7f388c63df00, size: 4, name: fromidx },
    Symbol { offset: 7f388c63df08, size: 8, name: froms },
    Symbol { offset: 7f388c63df20, size: 4, name: narcs },
    Symbol { offset: 7f388c620d20, size: 1bc, name: _dl_sysdep_parse_arguments },
    Symbol { offset: 7f388c633110, size: 17, name: __PRETTY_FUNCTION__.0 },
    Symbol { offset: 7f388c630780, size: 4b0, name: auxvars.1 },
    Symbol { offset: 7f388c621ef0, size: ac, name: print_search_path_for_help_1.part.0 },
    Symbol { offset: 7f388c6230c0, size: 7a5, name: _dl_start },
    Symbol { offset: 7f388c622350, size: 56, name: dlmopen_doit },
    Symbol { offset: 7f388c623980, size: 3d19, name: dl_main },
    Symbol { offset: 7f388c6223b0, size: 84, name: lookup_doit },
    Symbol { offset: 7f388c622440, size: 3f, name: map_doit },
    Symbol { offset: 7f388c622480, size: 255, name: print_statistics_item },
    Symbol { offset: 7f388c6226e0, size: 1f7, name: print_statistics },
    Symbol { offset: 7f388c63df58, size: 8, name: relocate_time },
    Symbol { offset: 7f388c63c768, size: 8, name: load_time },
    Symbol { offset: 7f388c6228e0, size: 1b, name: relocate_doit },
    Symbol { offset: 7f388c622900, size: 38, name: print_unresolved },
    Symbol { offset: 7f388c622940, size: 33, name: print_missing_version },
    Symbol { offset: 7f388c622980, size: aa, name: do_preload },
    Symbol { offset: 7f388c622a30, size: 16e, name: audit_list_next },
    Symbol { offset: 7f388c622ba0, size: 88, name: unload_audit_module },
    Symbol { offset: 7f388c633130, size: 14, name: __PRETTY_FUNCTION__.13 },
    Symbol { offset: 7f388c622c30, size: 3b, name: version_check_doit },
    Symbol { offset: 7f388c622c70, size: 27b, name: process_dl_debug.isra.0 },
    Symbol { offset: 7f388c630ee0, size: 252, name: debopts.5 },
    Symbol { offset: 7f388c622ef0, size: 1cf, name: init_tls },
    Symbol { offset: 7f388c636288, size: 9, name: __PRETTY_FUNCTION__.14 },
    Symbol { offset: 7f388c63c760, size: 8, name: start_time },
    Symbol { offset: 7f388c632ef0, size: 1a, name: __PRETTY_FUNCTION__.1 },
    Symbol { offset: 7f388c632d90, size: 15, name: __PRETTY_FUNCTION__.0 },
    Symbol { offset: 7f388c63df80, size: 18, name: _dl_rtld_libname },
    Symbol { offset: 7f388c63df40, size: 18, name: newname.3 },
    Symbol { offset: 7f388c63b010, size: 18, name: rfv.9 },
    Symbol { offset: 7f388c6331d0, size: 17, name: preload_file.4 },
    Symbol { offset: 7f388c630e60, size: 76, name: audit_iface_names.12 },
    Symbol { offset: 7f388c6362a8, size: 8, name: __PRETTY_FUNCTION__.2 },
    Symbol { offset: 7f388c63df60, size: 18, name: _dl_rtld_libname2 },
    Symbol { offset: 7f388c6331b0, size: 16, name: __PRETTY_FUNCTION__.6 },
    Symbol { offset: 7f388c633150, size: 12, name: __PRETTY_FUNCTION__.11 },
    Symbol { offset: 7f388c636298, size: b, name: __PRETTY_FUNCTION__.8 },
    Symbol { offset: 7f388c633170, size: 11, name: __PRETTY_FUNCTION__.10 },
    Symbol { offset: 7f388c633190, size: 14, name: __PRETTY_FUNCTION__.7 },
    Symbol { offset: 7f388c636308, size: 9, name: __PRETTY_FUNCTION__.0 },
    Symbol { offset: 7f388c636348, size: 9, name: __PRETTY_FUNCTION__.0 },
    Symbol { offset: 7f388c627f80, size: 9c, name: check_one_fd },
    Symbol { offset: 7f388c628320, size: 83, name: _dl_find_object_from_map },
    Symbol { offset: 7f388c6283b0, size: 1c6, name: _dlfo_process_initial },
    Symbol { offset: 7f388c63dfc0, size: 10, name: _dlfo_loaded_mappings },
    Symbol { offset: 7f388c63cb68, size: 8, name: _dlfo_nodelete_mappings_size },
    Symbol { offset: 7f388c63cb60, size: 8, name: _dlfo_nodelete_mappings },
    Symbol { offset: 7f388c63cb80, size: 20, name: _dlfo_main },
    Symbol { offset: 7f388c63dfb0, size: 8, name: _dlfo_loaded_mappings_version },
    Symbol { offset: 7f388c63cb70, size: 8, name: _dlfo_nodelete_mappings_end },
    Symbol { offset: 7f388c633210, size: 15, name: __PRETTY_FUNCTION__.0 },
    Symbol { offset: 7f388c6331f0, size: 19, name: __PRETTY_FUNCTION__.1 },
    Symbol { offset: 7f388c6363e0, size: 20, name: __PRETTY_FUNCTION__.2 },
    Symbol { offset: 7f388c629280, size: 50, name: __profil_counter },
    Symbol { offset: 7f388c63dfd8, size: 8, name: pc_offset },
    Symbol { offset: 7f388c63dfd0, size: 4, name: pc_scale },
    Symbol { offset: 7f388c63dfe0, size: 8, name: nsamples },
    Symbol { offset: 7f388c63dfe8, size: 8, name: samples },
    Symbol { offset: 7f388c63de20, size: 4, name: prctl_supported.0 },
    Symbol { offset: 7f388c631240, size: 10c, name: _sys_errnameidx },
    Symbol { offset: 7f388c631360, size: 455, name: _sys_errname },
    Symbol { offset: 7f388c62a970, size: 6b7, name: stpcpy },
    Symbol { offset: 7f388c629e10, size: 1b8, name: __libc_sigaction },
    Symbol { offset: 7f388c615ef0, size: 1b1, name: __thread_gscope_wait },
    Symbol { offset: 7f388c615740, size: ed, name: _dl_setup_hash },
    Symbol { offset: 7f388c61f3c0, size: b3, name: unsetenv },
    Symbol { offset: 7f388c611ff0, size: b6, name: _dl_debug_printf },
    Symbol { offset: 7f388c6293d0, size: 37, name: __GI___fstat64 },
    Symbol { offset: 7f388c62a3c0, size: 2d0, name: bcmp },
    Symbol { offset: 7f388c6182e0, size: 94c, name: _dl_check_map_versions },
    Symbol { offset: 7f388c629d00, size: ae, name: __longjmp },
    Symbol { offset: 7f388c6060f0, size: 9f, name: _dl_receive_error },
    Symbol { offset: 7f388c610700, size: cb, name: __GI__dl_find_dso_for_object },
    Symbol { offset: 7f388c623870, size: 107, name: handle_preload_list },
    Symbol { offset: 7f388c629410, size: 4c, name: fstatat },
    Symbol { offset: 7f388c629c60, size: c, name: __getpid },
    Symbol { offset: 7f388c628090, size: ae, name: fdopendir },
    Symbol { offset: 7f388c61f530, size: 3a2, name: _dl_important_hwcaps },
    Symbol { offset: 7f388c612660, size: d8, name: _dl_reloc_bad_type },
    Symbol { offset: 7f388c621aa0, size: a6, name: _dl_tunable_set_x86_ibt },
    Symbol { offset: 7f388c60f7e0, size: 14d, name: __minimal_malloc },
    Symbol { offset: 7f388c61dbd0, size: 4c, name: _dl_diagnostics_print_labeled_string },
    Symbol { offset: 7f388c628210, size: 4b, name: __getdents },
    Symbol { offset: 7f388c62c8e0, size: 9, name: strerrorname_np },
    Symbol { offset: 7f388c62e2f0, size: 218, name: __strnlen },
    Symbol { offset: 7f388c617400, size: 163, name: __tls_init_tp },
    Symbol { offset: 7f388c629550, size: 16, name: stat64 },
    Symbol { offset: 7f388c62a6a0, size: 1e1, name: memmove },
    Symbol { offset: 7f388c628580, size: 360, name: __dl_find_object },
    Symbol { offset: 7f388c6330d0, size: 10, name: __GI__itoa_lower_digits },
    Symbol { offset: 7f388c60fe90, size: 41e, name: _dl_new_object },
    Symbol { offset: 7f388c63c728, size: 8, name: ___rtld_mutex_lock },
    Symbol { offset: 7f388c61d0f0, size: b3, name: _dl_audit_objclose },
    Symbol { offset: 7f388c6295b0, size: 99, name: __fcntl64_nocancel },
    Symbol { offset: 7f388c616950, size: 298, name: __GI__dl_allocate_tls_init },
    Symbol { offset: 7f388c629a00, size: 24, name: munmap },
    Symbol { offset: 7f388c61fdc0, size: 33, name: __GI___assert_fail },
    Symbol { offset: 7f388c61ce40, size: 1d, name: _dl_x86_init_cpu_features },
    Symbol { offset: 7f388c6194a0, size: 3b9, name: _dl_load_cache_lookup },
    Symbol { offset: 7f388c6298f0, size: dc, name: __mmap },
    Symbol { offset: 7f388c6299d0, size: 24, name: __mprotect },
    Symbol { offset: 7f388c620af0, size: 215, name: __GI__dl_mcount },
    Symbol { offset: 7f388c629fe0, size: 9c, name: getenv },
    Symbol { offset: 7f388c63c700, size: 8, name: __rtld_realloc },
    Symbol { offset: 7f388c608f40, size: 41, name: __GI___nptl_change_stack_perm },
    Symbol { offset: 7f388c621c00, size: c7, name: _dl_sysdep_start },
    Symbol { offset: 7f388c615300, size: 36c, name: _dl_profile_fixup },
    Symbol { offset: 7f388c6276e0, size: 61e, name: __getcwd },
    Symbol { offset: 7f388c61ce10, size: 28, name: __x86_cpu_features },
    Symbol { offset: 7f388c629c60, size: c, name: getpid },
    Symbol { offset: 7f388c6294c0, size: 84, name: __openat64 },
    Symbol { offset: 7f388c60fb70, size: 6e, name: _dl_higher_prime_number },
    Symbol { offset: 7f388c608db0, size: 189, name: _dl_make_stacks_executable },
    Symbol { offset: 7f388c629b60, size: 64, name: __lll_lock_wait },
    Symbol { offset: 7f388c621cd0, size: 5, name: _dl_sysdep_start_cleanup },
    Symbol { offset: 7f388c616bf0, size: 33, name: __GI__dl_allocate_tls },
    Symbol { offset: 7f388c60fbe0, size: 1f4, name: _dl_strtoul },
    Symbol { offset: 7f388c6093e0, size: 139, name: _dl_init },
    Symbol { offset: 7f388c629a00, size: 24, name: __GI___munmap },
    Symbol { offset: 7f388c62a6a0, size: 1e1, name: memcpy },
    Symbol { offset: 7f388c62e720, size: 39, name: setitimer },
    Symbol { offset: 7f388c608810, size: cf, name: __GI__dl_exception_create },
    Symbol { offset: 7f388c60f9c0, size: 93, name: __minimal_realloc },
    Symbol { offset: 7f388c61db40, size: 8e, name: _dl_diagnostics_print_string },
    Symbol { offset: 7f388c612460, size: 14f, name: _dl_try_allocate_static_tls },
    Symbol { offset: 7f388c628260, size: 9b, name: _dl_addr_inside_object },
    Symbol { offset: 7f388c6296d0, size: 8c, name: __GI___open_nocancel },
    Symbol { offset: 7f388c63dee0, size: 8, name: _dl_hwcaps_priorities },
    Symbol { offset: 7f388c629830, size: bf, name: __libc_scratch_buffer_set_array_size },
    Symbol { offset: 7f388c6281d0, size: 34, name: rewinddir },
    Symbol { offset: 7f388c61a350, size: 80, name: _dl_cet_setup_features },
    Symbol { offset: 7f388c617850, size: bd, name: _dl_runtime_resolve_xsavec },
    Symbol { offset: 7f388c61fb90, size: 9, name: __rtld_libc_freeres },
    Symbol { offset: 7f388c629550, size: 16, name: __stat },
    Symbol { offset: 7f388c63c718, size: 8, name: __rtld_calloc },
    Symbol { offset: 7f388c6288e0, size: c5, name: _dlfo_sort_mappings },
    Symbol { offset: 7f388c6125f0, size: 69, name: _dl_protect_relro },
    Symbol { offset: 7f388c627d00, size: 69, name: openat64 },
    Symbol { offset: 7f388c61fbf0, size: 189, name: __strerror_r },
    Symbol { offset: 7f388c633070, size: 1e, name: _dl_hwcaps_subdirs },
    Symbol { offset: 7f388c620060, size: 57, name: __GI___assert_perror_fail },
    Symbol { offset: 7f388c6297f0, size: 3b, name: __GI___write_nocancel },
    Symbol { offset: 7f388c616cd0, size: 1f4, name: _dl_update_slotinfo },
    Symbol { offset: 7f388c63de98, size: 4, name: _dl_tls_threads_in_update },
    Symbol { offset: 7f388c620130, size: 90, name: __strsep },
    Symbol { offset: 7f388c629410, size: 4c, name: __fstatat },
    Symbol { offset: 7f388c612220, size: b2, name: _dl_printf },
    Symbol { offset: 7f388c608fa0, size: 2e4, name: _dl_fini },
    Symbol { offset: 7f388c60f930, size: 40, name: __minimal_calloc },
    Symbol { offset: 7f388c6165f0, size: 75, name: _dl_count_modids },
    Symbol { offset: 7f388c628140, size: 8b, name: readdir },
    Symbol { offset: 7f388c61d920, size: 153, name: _dl_audit_pltexit },
    Symbol { offset: 7f388c629460, size: 3b, name: __lseek64 },
    Symbol { offset: 7f388c63c740, size: 4, name: __GI___libc_enable_secure },
    Symbol { offset: 7f388c62a690, size: c, name: mempcpy },
    Symbol { offset: 7f388c63dff8, size: 8, name: _environ },
    Symbol { offset: 7f388c606190, size: 189, name: __GI__dl_catch_exception },
    Symbol { offset: 7f388c63c720, size: 8, name: ___rtld_mutex_unlock },
    Symbol { offset: 7f388c616860, size: e1, name: _dl_allocate_tls_storage },
    Symbol { offset: 7f388c629460, size: 3b, name: lseek },
    Symbol { offset: 7f388c61f360, size: 55, name: _dl_next_ld_env_entry },
    Symbol { offset: 7f388c615670, size: d0, name: _dl_scope_free },
    Symbol { offset: 7f388c63dff8, size: 8, name: __environ },
    Symbol { offset: 7f388c6298f0, size: dc, name: mmap },
    Symbol { offset: 7f388c61d010, size: d6, name: _dl_audit_objopen },
    Symbol { offset: 7f388c63c708, size: 8, name: __rtld_malloc },
    Symbol { offset: 7f388c629c30, size: 27, name: _Exit },
    Symbol { offset: 7f388c60e990, size: ba2, name: _dl_lookup_symbol_x },
    Symbol { offset: 7f388c61fbe0, size: 10, name: __sigjmp_save },
    Symbol { offset: 7f388c6294a0, size: 19, name: __lstat64 },
    Symbol { offset: 7f388c607360, size: 6d, name: _dl_close },
    Symbol { offset: 7f388c616f20, size: 7f, name: __GI___tls_get_addr },
    Symbol { offset: 7f388c6293d0, size: 37, name: fstat64 },
    Symbol { offset: 7f388c6296d0, size: 8c, name: __open_nocancel },
    Symbol { offset: 7f388c63c738, size: 8, name: __GI___libc_stack_end },
    Symbol { offset: 7f388c629ca0, size: 5e, name: __sigsetjmp },
    Symbol { offset: 7f388c629460, size: 3b, name: __libc_lseek64 },
    Symbol { offset: 7f388c62e2f0, size: 218, name: strnlen },
    Symbol { offset: 7f388c629650, size: 79, name: __fcntl64_nocancel_adjusted },
    Symbol { offset: 7f388c629c70, size: 24, name: uname },
    Symbol { offset: 7f388c60f630, size: 1af, name: _dl_lookup_direct },
    Symbol { offset: 7f388c629550, size: 16, name: __stat64 },
    Symbol { offset: 7f388c629c00, size: 28, name: __lll_lock_wake },
    Symbol { offset: 7f388c619e00, size: fa, name: _dl_tlsdesc_dynamic_xsavec },
    Symbol { offset: 7f388c621ff0, size: 1f, name: _dl_version },
    Symbol { offset: 7f388c62e760, size: 3f, name: __get_errname },
    Symbol { offset: 7f388c621b50, size: a6, name: _dl_tunable_set_x86_shstk },
    Symbol { offset: 7f388c6299d0, size: 24, name: __GI___mprotect },
    Symbol { offset: 7f388c628020, size: 36, name: __libc_check_standard_fds },
    Symbol { offset: 7f388c63cd20, size: 1100, name: _rtld_local },
    Symbol { offset: 7f388c63c778, size: 8, name: __GI__dl_argv },
    Symbol { offset: 7f388c62e720, size: 39, name: __setitimer },
    Symbol { offset: 7f388c629bd0, size: 29, name: __lll_lock_wake_private },
    Symbol { offset: 7f388c6173a0, size: 5b, name: __tls_pre_init_tp },
    Symbol { offset: 7f388c61a340, size: b, name: _dl_cet_open_check },
    Symbol { offset: 7f388c6122e0, size: b2, name: _dl_error_printf },
    Symbol { offset: 7f388c629760, size: 46, name: __GI___pread64_nocancel },
    Symbol { offset: 7f388c61fda0, size: 14, name: __GI___chk_fail },
    Symbol { offset: 7f388c63dff8, size: 8, name: environ },
    Symbol { offset: 7f388c6293d0, size: 37, name: fstat },
    Symbol { offset: 7f388c6123a0, size: a6, name: __GI__dl_fatal_printf },
    Symbol { offset: 7f388c61fe00, size: 46, name: __rtld_malloc_is_complete },
    Symbol { offset: 7f388c60fde0, size: a5, name: _dl_add_to_namespace_list },
    Symbol { offset: 7f388c62ef90, size: 5, name: __rtld_version_placeholder_1 },
    Symbol { offset: 7f388c63c780, size: 4, name: _dl_argc },
    Symbol { offset: 7f388c6120b0, size: b6, name: _dl_debug_printf_c },
    Symbol { offset: 7f388c63b080, size: 8, name: _dl_tls_initial_modid_limit },
    Symbol { offset: 7f388c629270, size: b, name: __profile_frequency },
    Symbol { offset: 7f388c62a970, size: 6b7, name: __stpcpy },
    Symbol { offset: 7f388c6298f0, size: dc, name: __mmap64 },
    Symbol { offset: 7f388c60aec0, size: 42c, name: _dl_init_paths },
    Symbol { offset: 7f388c618220, size: 87, name: __GI___tunable_get_val },
    Symbol { offset: 7f388c63ded0, size: 8, name: _dl_x86_features_tlsdesc_state_size },
    Symbol { offset: 7f388c62e7a0, size: 3fd, name: _dl_runtime_profile_avx512 },
    Symbol { offset: 7f388c61f8e0, size: cd, name: _dl_hwcaps_subdirs_active },
    Symbol { offset: 7f388c629ca0, size: 5e, name: __GI___sigsetjmp },
    Symbol { offset: 7f388c628140, size: 8b, name: __readdir64 },
    Symbol { offset: 7f388c6297b0, size: 3b, name: __read_nocancel },
    Symbol { offset: 7f388c62e510, size: 20a, name: __strchrnul },
    Symbol { offset: 7f388c6291f0, size: 76, name: _dl_find_object_freeres },
    Symbol { offset: 7f388c62a080, size: 323, name: memchr },
    Symbol { offset: 7f388c60b2f0, size: 26e, name: _dl_process_pt_gnu_property },
    Symbol { offset: 7f388c617ba0, size: 20, name: __GI___tunable_set_val },
    Symbol { offset: 7f388c61fda0, size: 14, name: __chk_fail },
    Symbol { offset: 7f388c628140, size: 8b, name: __readdir },
    Symbol { offset: 7f388c6200c0, size: 6d, name: _itoa },
    Symbol { offset: 7f388c60a690, size: 180, name: _dl_dst_substitute },
    Symbol { offset: 7f388c63c6f0, size: 4, name: _rseq_size },
    Symbol { offset: 7f388c6294a0, size: 19, name: lstat },
    Symbol { offset: 7f388c6297b0, size: 3b, name: __GI___read_nocancel },
    Symbol { offset: 7f388c6295b0, size: 99, name: __GI___fcntl64_nocancel },
    Symbol { offset: 7f388c63df30, size: 1, name: __rtld_tls_init_tp_called },
    Symbol { offset: 7f388c606070, size: 7f, name: _dl_signal_cerror },
    Symbol { offset: 7f388c62ca90, size: 1859, name: strncmp },
    Symbol { offset: 7f388c6290d0, size: 11d, name: _dl_find_object_dlclose },
    Symbol { offset: 7f388c628210, size: 4b, name: getdents64 },
    Symbol { offset: 7f388c6201c0, size: 115, name: __rtld_mutex_init },
    Symbol { offset: 7f388c61fba0, size: 3f, name: __rtld_malloc_init_stubs },
    Symbol { offset: 7f388c617780, size: cd, name: _dl_runtime_resolve_xsave },
    Symbol { offset: 7f388c627e50, size: 95, name: __opendir },
    Symbol { offset: 7f388c6289b0, size: 1be, name: _dl_find_object_init },
    Symbol { offset: 7f388c6107d0, size: 30b, name: _dl_open },
    Symbol { offset: 7f388c618c30, size: 85, name: _dl_check_all_versions },
    Symbol { offset: 7f388c607440, size: 17b, name: _dl_debug_initialize },
    Symbol { offset: 7f388c62c890, size: 4f, name: __strdup },
    Symbol { offset: 7f388c61cf50, size: bc, name: _dl_audit_objsearch },
    Symbol { offset: 7f388c61cf10, size: 3e, name: _dl_audit_activity_nsid },
    Symbol { offset: 7f388c6276a0, size: 3f, name: __brk },
    Symbol { offset: 7f388c628140, size: 8b, name: readdir64 },
    Symbol { offset: 7f388c62a3c0, size: 2d0, name: memcmp },
    Symbol { offset: 7f388c6292d0, size: b7, name: __profil },
    Symbol { offset: 7f388c6294a0, size: 19, name: lstat64 },
    Symbol { offset: 7f388c616c30, size: 91, name: __GI__dl_deallocate_tls },
    Symbol { offset: 7f388c611760, size: 1a5, name: _dl_get_origin },
    Symbol { offset: 7f388c629db0, size: 36, name: sigaction },
    Symbol { offset: 7f388c617b70, size: 21, name: __GI___tunable_is_initialized },
    Symbol { offset: 7f388c629a00, size: 24, name: __GI_munmap },
    Symbol { offset: 7f388c60fb00, size: 6d, name: _dl_name_match_p },
    Symbol { offset: 7f388c627ef0, size: 8b, name: sbrk },
    Symbol { offset: 7f388c6330d0, size: 10, name: _itoa_lower_digits },
    Symbol { offset: 7f388c62c890, size: 4f, name: strdup },
    Symbol { offset: 7f388c629c60, size: c, name: __GI_getpid },
    Symbol { offset: 7f388c6281d0, size: 34, name: __rewinddir },
    Symbol { offset: 7f388c622010, size: 2cd, name: _dl_help },
    Symbol { offset: 7f388c63c730, size: 8, name: _dl_random },
    Symbol { offset: 7f388c619b80, size: 7b, name: _dl_unmap },
    Symbol { offset: 7f388c62b030, size: 22a, name: index },
    Symbol { offset: 7f388c62a890, size: d9, name: memset },
    Symbol { offset: 7f388c605dc0, size: ab, name: _dl_call_fini },
    Symbol { offset: 7f388c6202e0, size: 810, name: _dl_start_profile },
    Symbol { offset: 7f388c616670, size: 1cd, name: _dl_determine_tlsoffset },
    Symbol { offset: 7f388c629760, size: 46, name: __pread64_nocancel },
    Symbol { offset: 7f388c605d20, size: 93, name: _dl_call_libc_early_init },
    Symbol { offset: 7f388c629c70, size: 24, name: __GI_uname },
    Symbol { offset: 7f388c61f9c0, size: ad, name: _dl_hwcaps_split },
    Symbol { offset: 7f388c618ce0, size: 119, name: _dl_cache_libcmp },
    Symbol { offset: 7f388c63b040, size: 10, name: __rtld_search_dirs },
    Symbol { offset: 7f388c612740, size: 28e4, name: _dl_relocate_object },
    Symbol { offset: 7f388c627e50, size: 95, name: opendir },
    Symbol { offset: 7f388c63c6f8, size: 8, name: _rseq_offset },
    Symbol { offset: 7f388c60a5d0, size: b9, name: _dl_dst_count },
    Symbol { offset: 7f388c61fdc0, size: 33, name: __assert_fail },
    Symbol { offset: 7f388c605f70, size: 6c, name: __GI__dl_signal_error },
    Symbol { offset: 7f388c63c7a0, size: 3b0, name: _rtld_local_ro },
    Symbol { offset: 7f388c629460, size: 3b, name: __lseek },
    Symbol { offset: 7f388c629570, size: 35, name: __GI___close_nocancel },
    Symbol { offset: 7f388c6125b0, size: 3d, name: _dl_allocate_static_tls },
    Symbol { offset: 7f388c629c30, size: 27, name: __GI__exit },
    Symbol { offset: 7f388c61a3d0, size: 9, name: _dl_cet_check },
    Symbol { offset: 7f388c6294a0, size: 19, name: __GI___lstat64 },
    Symbol { offset: 7f388c62b260, size: 1449, name: strcmp },
    Symbol { offset: 7f388c61dc20, size: 18, name: _dl_diagnostics_print_labeled_value },
    Symbol { offset: 7f388c62a080, size: 323, name: __memchr },
    Symbol { offset: 7f388c63c710, size: 8, name: __rtld_free },
    Symbol { offset: 7f388c61dc40, size: 3f7, name: _dl_print_diagnostics },
    Symbol { offset: 7f388c6276e0, size: 61e, name: getcwd },
    Symbol { offset: 7f388c6294c0, size: 84, name: __libc_openat64 },
    Symbol { offset: 7f388c615960, size: 581, name: _dl_sort_maps },
    Symbol { offset: 7f388c629410, size: 4c, name: fstatat64 },
    Symbol { offset: 7f388c6297f0, size: 3b, name: __write_nocancel },
    Symbol { offset: 7f388c62a690, size: c, name: __mempcpy },
    Symbol { offset: 7f388c617350, size: 3e, name: __tls_get_addr_slow },
    Symbol { offset: 7f388c619860, size: 60, name: _dl_unload_cache },
    Symbol { offset: 7f388c62c6e0, size: 1a5, name: strcspn },
    Symbol { offset: 7f388c617040, size: 53, name: _dl_tls_initial_modid_limit_setup },
    Symbol { offset: 7f388c63dff0, size: 4, name: __pthread_force_elision },
    Symbol { offset: 7f388c618080, size: 123, name: __GI___tunables_print },
    Symbol { offset: 7f388c6298f0, size: dc, name: mmap64 },
    Symbol { offset: 7f388c6088e0, size: 495, name: __GI__dl_exception_create_format },
    Symbol { offset: 7f388c6293d0, size: 37, name: __fstat64 },
    Symbol { offset: 7f388c61fd80, size: 1b, name: __GI___libc_fatal },
    Symbol { offset: 7f388c62eba0, size: 3ef, name: _dl_runtime_profile_avx },
    Symbol { offset: 7f388c6292d0, size: b7, name: profil },
    Symbol { offset: 7f388c620130, size: 90, name: strsep },
    Symbol { offset: 7f388c618cc0, size: 17, name: _dl_write },
    Symbol { offset: 7f388c617220, size: 12c, name: _dl_init_static_tls },
    Symbol { offset: 7f388c61ff30, size: 128, name: __rtld_malloc_init_real },
    Symbol { offset: 7f388c620130, size: 90, name: __strsep_g },
    Symbol { offset: 7f388c61fa70, size: c9, name: _dl_hwcaps_contains },
    Symbol { offset: 7f388c629460, size: 3b, name: __libc_lseek },
    Symbol { offset: 7f388c61d250, size: 1cf, name: __GI__dl_audit_symbind_alt },
    Symbol { offset: 7f388c60f970, size: 4e, name: __minimal_free },
    Symbol { offset: 7f388c629c70, size: 24, name: __uname },
    Symbol { offset: 7f388c617700, size: 7f, name: _dl_runtime_resolve_fxsave },
    Symbol { offset: 7f388c6073e0, size: 56, name: _dl_debug_update },
    Symbol { offset: 7f388c616fa0, size: 98, name: _dl_tls_get_addr_soft },
    Symbol { offset: 7f388c6296d0, size: 8c, name: __GI___open64_nocancel },
    Symbol { offset: 7f388c61ce70, size: 97, name: _dl_audit_activity_map },
    Symbol { offset: 7f388c63b008, size: 8, name: __x86_cpu_features_p },
    Symbol { offset: 7f388c629550, size: 16, name: stat },
    Symbol { offset: 7f388c629410, size: 4c, name: __fstatat64 },
    Symbol { offset: 7f388c629a30, size: b6, name: __set_vma_name },
    Symbol { offset: 7f388c63b070, size: 10, name: __rtld_env_path_list },
    Symbol { offset: 7f388c60cd70, size: b93, name: _dl_map_object },
    Symbol { offset: 7f388c629c60, size: c, name: __GI___getpid },
    Symbol { offset: 7f388c6198c0, size: 2bd, name: _dl_make_tlsdesc_dynamic },
    Symbol { offset: 7f388c629390, size: 37, name: access },
    Symbol { offset: 7f388c6299d0, size: 24, name: __GI_mprotect },
    Symbol { offset: 7f388c615030, size: 2c7, name: _dl_fixup },
    Symbol { offset: 7f388c628090, size: ae, name: __fdopendir },
    Symbol { offset: 7f388c629550, size: 16, name: __GI___stat64 },
    Symbol { offset: 7f388c6181b0, size: 66, name: __tunable_get_default },
    Symbol { offset: 7f388c6181b0, size: 66, name: __GI___tunable_get_default },
    Symbol { offset: 7f388c63de48, size: 30, name: _r_debug_extended },
    Symbol { offset: 7f388c629db0, size: 36, name: __sigaction },
    Symbol { offset: 7f388c605f10, size: 5a, name: __GI__dl_signal_exception },
    Symbol { offset: 7f388c63de9c, size: 1, name: __GI___nptl_initial_report_events },
    Symbol { offset: 7f388c63df98, size: 8, name: __curbrk },
    Symbol { offset: 7f388c6073d0, size: 5, name: __GI__dl_debug_state },
    Symbol { offset: 7f388c612170, size: a8, name: _dl_dprintf },
    Symbol { offset: 7f388c628580, size: 360, name: _dl_find_object },
    Symbol { offset: 7f388c628060, size: 2c, name: __closedir },
    Symbol { offset: 7f388c61eae0, size: 6c1, name: _dl_diagnostics_cpu },
    Symbol { offset: 7f388c629a00, size: 24, name: __munmap },
    Symbol { offset: 7f388c617570, size: 187, name: _dl_runtime_profile_sse },
    Symbol { offset: 7f388c6294c0, size: 84, name: __openat },
    Symbol { offset: 7f388c6276a0, size: 3f, name: brk },
    Symbol { offset: 7f388c621fa0, size: 4f, name: _dl_usage },
    Symbol { offset: 7f388c620060, size: 57, name: __assert_perror_fail },
    Symbol { offset: 7f388c619cf0, size: 10a, name: _dl_tlsdesc_dynamic_xsave },
    Symbol { offset: 7f388c6294c0, size: 84, name: openat },
    Symbol { offset: 7f388c6293d0, size: 37, name: __fstat },
    Symbol { offset: 7f388c6296d0, size: 8c, name: __open64_nocancel },
    Symbol { offset: 7f388c61d6d0, size: 246, name: _dl_audit_pltenter },
    Symbol { offset: 7f388c6294a0, size: 19, name: __lstat },
    Symbol { offset: 7f388c61f2a0, size: b3, name: _dl_diagnostics_kernel },
    Symbol { offset: 7f388c629c30, size: 27, name: _exit },
    Symbol { offset: 7f388c619c00, size: 9, name: _dl_tlsdesc_return },
    Symbol { offset: 7f388c61fb40, size: 46, name: _dl_hwcaps_split_masked },
    Symbol { offset: 7f388c63dfa0, size: 4, name: rtld_errno },
    Symbol { offset: 7f388c627d70, size: d3, name: __alloc_dir },
    Symbol { offset: 7f388c616f20, size: 7f, name: ___tls_get_addr },
    Symbol { offset: 7f388c628210, size: 4b, name: __getdents64 },
    Symbol { offset: 7f388c629af0, size: 61, name: __lll_lock_wait_private },
    Symbol { offset: 7f388c62c8f0, size: 19c, name: strlen },
    Symbol { offset: 7f388c629460, size: 3b, name: lseek64 },
    Symbol { offset: 7f388c629410, size: 4c, name: __GI___fstatat },
    Symbol { offset: 7f388c629c70, size: 24, name: __GI___uname },
    Symbol { offset: 7f388c610ae0, size: 163, name: _dl_show_scope },
    Symbol { offset: 7f388c615920, size: 36, name: _dl_sort_maps_init },
    Symbol { offset: 7f388c6087e0, size: 25, name: _dl_error_free },
    Symbol { offset: 7f388c62b030, size: 22a, name: strchr },
    Symbol { offset: 7f388c61d420, size: 2ae, name: _dl_audit_symbind },
    Symbol { offset: 7f388c6170a0, size: 176, name: _dl_add_to_slotinfo },
    Symbol { offset: 7f388c621ce0, size: 20b, name: _dl_show_auxv },
    Symbol { offset: 7f388c61fd80, size: 1b, name: __libc_fatal },
    Symbol { offset: 7f388c627ef0, size: 8b, name: __sbrk },
    Symbol { offset: 7f388c608d80, size: 25, name: __GI__dl_exception_free },
    Symbol { offset: 7f388c6299d0, size: 24, name: mprotect },
    Symbol { offset: 7f388c629390, size: 37, name: __access },
    Symbol { offset: 7f388c619c30, size: b3, name: _dl_tlsdesc_dynamic_fxsave },
    Symbol { offset: 7f388c628060, size: 2c, name: closedir },
    Symbol { offset: 7f388c605fe0, size: 85, name: _dl_signal_cexception },
    Symbol { offset: 7f388c629410, size: 4c, name: __GI___fstatat64 },
    Symbol { offset: 7f388c60fa60, size: 9a, name: _dl_sysdep_read_whole_file },
    Symbol { offset: 7f388c62e510, size: 20a, name: strchrnul },
    Symbol { offset: 7f388c628b70, size: 55b, name: _dl_find_object_update },
    Symbol { offset: 7f388c63ded8, size: 4, name: _dl_hwcaps_priorities_length },
    Symbol { offset: 7f388c628580, size: 360, name: __GI___dl_find_object },
    Symbol { offset: 7f388c606320, size: 50, name: _dl_catch_error },
    Symbol { offset: 7f388c619c10, size: 12, name: _dl_tlsdesc_undefweak },
    Symbol { offset: 7f388c617bc0, size: 4b6, name: __GI___tunables_init },
    Symbol { offset: 7f388c63c770, size: 8, name: __pointer_chk_guard_local },
    Symbol { offset: 7f388c6164b0, size: 134, name: _dl_assign_tls_modid },
    Symbol { offset: 7f388c6064a0, size: ebf, name: _dl_close_worker },
    Symbol { offset: 7f388c616410, size: 94, name: _dl_tls_static_surplus_init },
    Symbol { offset: 7f388c620ee0, size: bb4, name: _dl_tunable_set_hwcaps },
    Symbol { offset: 7f388c607630, size: 1176, name: _dl_map_object_deps },
    Symbol { offset: 7f388c63cd20, size: 1100, name: _rtld_global },
    Symbol { offset: 7f388c61d1b0, size: 91, name: _dl_audit_preinit },
    Symbol { offset: 7f388c610700, size: cb, name: _dl_find_dso_for_object },
    Symbol { offset: 7f388c608810, size: cf, name: _dl_exception_create },
    Symbol { offset: 7f388c63c738, size: 8, name: __libc_stack_end },
    Symbol { offset: 7f388c606190, size: 189, name: _dl_catch_exception },
    Symbol { offset: 7f388c6123a0, size: a6, name: _dl_fatal_printf },
    Symbol { offset: 7f388c61d250, size: 1cf, name: _dl_audit_symbind_alt },
    Symbol { offset: 7f388c616c30, size: 91, name: _dl_deallocate_tls },
    Symbol { offset: 7f388c605f10, size: 5a, name: _dl_signal_exception },
    Symbol { offset: 7f388c618220, size: 87, name: __tunable_get_val },
    Symbol { offset: 7f388c617b70, size: 21, name: __tunable_is_initialized },
    Symbol { offset: 7f388c63c740, size: 4, name: __libc_enable_secure },
    Symbol { offset: 7f388c63c6f8, size: 8, name: __rseq_offset },
    Symbol { offset: 7f388c619f00, size: 41, name: __tls_get_addr },
    Symbol { offset: 7f388c616840, size: 1f, name: _dl_get_tls_static_info },
    Symbol { offset: 7f388c608d80, size: 25, name: _dl_exception_free },
    Symbol { offset: 7f388c6073d0, size: 5, name: _dl_debug_state },
    Symbol { offset: 7f388c63c778, size: 8, name: _dl_argv },
    Symbol { offset: 7f388c62ef90, size: 5, name: __rtld_version_placeholder@GLIBC_2.34 },
    Symbol { offset: 7f388c608f40, size: 41, name: __nptl_change_stack_perm },
    Symbol { offset: 7f388c616950, size: 298, name: _dl_allocate_tls_init },
    Symbol { offset: 7f388c63c7a0, size: 3b0, name: _rtld_global_ro },
    Symbol { offset: 7f388c60d910, size: 1cb, name: _dl_rtld_di_serinfo },
    Symbol { offset: 7f388c61ce60, size: c, name: _dl_x86_get_cpu_features },
    Symbol { offset: 7f388c620af0, size: 215, name: _dl_mcount },
    Symbol { offset: 7f388c636398, size: 4, name: __rseq_flags },
    Symbol { offset: 7f388c616bf0, size: 33, name: _dl_allocate_tls },
    Symbol { offset: 7f388c63de9c, size: 1, name: __nptl_initial_report_events },
    Symbol { offset: 7f388c605f70, size: 6c, name: _dl_signal_error },
    Symbol { offset: 7f388c6088e0, size: 495, name: _dl_exception_create_format },
    Symbol { offset: 7f388c63c6f0, size: 4, name: __rseq_size },
    Symbol { offset: 7f388c63de48, size: 28, name: _r_debug },
    Symbol { offset: 7f388c60d910, size: 1cb, name: _dl_rtld_di_serinfo },
    Symbol { offset: 7f388c61d250, size: 1cf, name: _dl_audit_symbind_alt },
    Symbol { offset: 7f388c63de9c, size: 1, name: __nptl_initial_report_events },
    Symbol { offset: 7f388c63c7a0, size: 3b0, name: _rtld_global_ro },
    Symbol { offset: 7f388c616bf0, size: 33, name: _dl_allocate_tls },
    Symbol { offset: 7f388c636398, size: 4, name: __rseq_flags },
    Symbol { offset: 7f388c63cd20, size: 1100, name: _rtld_global },
    Symbol { offset: 7f388c616950, size: 298, name: _dl_allocate_tls_init },
    Symbol { offset: 7f388c63c738, size: 8, name: __libc_stack_end },
    Symbol { offset: 7f388c63c740, size: 4, name: __libc_enable_secure },
    Symbol { offset: 7f388c608f40, size: 41, name: __nptl_change_stack_perm },
    Symbol { offset: 7f388c616c30, size: 91, name: _dl_deallocate_tls },
    Symbol { offset: 7f388c617b70, size: 21, name: __tunable_is_initialized },
    Symbol { offset: 7f388c61ce60, size: c, name: _dl_x86_get_cpu_features },
    Symbol { offset: 7f388c605f10, size: 5a, name: _dl_signal_exception },
    Symbol { offset: 7f388c63de48, size: 28, name: _r_debug },
    Symbol { offset: 7f388c606190, size: 189, name: _dl_catch_exception },
    Symbol { offset: 7f388c619f00, size: 41, name: __tls_get_addr },
    Symbol { offset: 7f388c608d80, size: 25, name: _dl_exception_free },
    Symbol { offset: 7f388c6073d0, size: 5, name: _dl_debug_state },
    Symbol { offset: 7f388c616840, size: 1f, name: _dl_get_tls_static_info },
    Symbol { offset: 7f388c610700, size: cb, name: _dl_find_dso_for_object },
    Symbol { offset: 7f388c63c6f8, size: 8, name: __rseq_offset },
    Symbol { offset: 7f388c62ef90, size: 5, name: __rtld_version_placeholder },
    Symbol { offset: 7f388c6123a0, size: a6, name: _dl_fatal_printf },
    Symbol { offset: 7f388c63c6f0, size: 4, name: __rseq_size },
    Symbol { offset: 7f388c618220, size: 87, name: __tunable_get_val },
    Symbol { offset: 7f388c605f70, size: 6c, name: _dl_signal_error },
    Symbol { offset: 7f388c6088e0, size: 495, name: _dl_exception_create_format },
    Symbol { offset: 7f388c63c778, size: 8, name: _dl_argv },
    Symbol { offset: 7f388c620af0, size: 215, name: _dl_mcount },
    Symbol { offset: 7f388c608810, size: cf, name: _dl_exception_create },
    Symbol { offset: 7f388c61d1b0, size: 91, name: _dl_audit_preinit },
]
