---
source: src/uploader/github_actions_provider.rs
expression: upload_metadata
---
{
  "version": 1,
  "tokenless": false,
  "ref": "refs/pull/22/merge",
  "headRef": "feat/codspeed-runner",
  "baseRef": "main",
  "owner": "my-org",
  "repository": "adrien-python-test",
  "commitHash": "24809d9fca9ad0808a777bcbd807ecd5ec8a9100",
  "event": "pull_request",
  "profileMd5": "archive_hash",
  "ghData": {
    "runId": 6957110437,
    "job": "log-env",
    "sender": {
      "id": 19605940,
      "login": "adriencaccia"
    }
  },
  "runner": {
    "name": "codspeed-runner",
    "version": "[version]"
  }
}
